// Jest Snapshot v1, https://goo.gl/fbAQLP

exports[`renders <Header /> without throwing 1`] = `
.c2 {
  margin: 0;
  font-weight: 400;
  line-height: 1.875rem;
  font-size: 1.5rem;
  text-transform: uppercase;
  font-size: 1.8125rem;
  margin: 0;
}

.c2 + p,
.c2 + small,
.c2 + h1,
.c2 + h2,
.c2 + label,
.c2 + h3,
.c2 + h4,
.c2 + h5,
.c2 + div,
.c2 + span {
  margin-top: 1.5rem;
}

.c1 {
  -webkit-flex: 1 1 auto;
  -ms-flex: 1 1 auto;
  flex: 1 1 auto;
  -webkit-align-self: stretch;
  -ms-flex-item-align: stretch;
  align-self: stretch;
  -webkit-order: 0;
  -ms-flex-order: 0;
  order: 0;
  padding: 0.84375rem 0;
}

.c0 {
  max-height: 3.3125rem;
  min-height: 3.3125rem;
  padding: 0 1.125rem;
  line-height: 1.5625rem;
}

.c3 {
  border-style: none;
  width: 5.4375rem;
  height: 1.5625rem;
}

<div
  className="c0"
>
  <div
    className="c1"
  >
    <h2
      className="c2"
    >
      <a
        href="/"
        name="Go to home"
        onClick={[Function]}
      >
        <img
          alt="Triton Logo"
          className="c3"
          src="test-file-mock"
        />
      </a>
    </h2>
  </div>
</div>
`;
